C:\Users\Student\eclipse-workspace\com.ibm.banking.batch3_Sudha\com.ibm.banking.batch3\src\test\java\actionClass\dragAndDrop.java
C:\Users\Student\eclipse-workspace\com.ibm.banking.batch3_Sudha\com.ibm.banking.batch3\src\test\java\actionClass\mouseOverOperation.java
C:\Users\Student\eclipse-workspace\com.ibm.banking.batch3_Sudha\com.ibm.banking.batch3\src\test\java\basicTest\HRMLogin_Edge.java
C:\Users\Student\eclipse-workspace\com.ibm.banking.batch3_Sudha\com.ibm.banking.batch3\src\test\java\controlExample\HandleCheckbox.java
C:\Users\Student\eclipse-workspace\com.ibm.banking.batch3_Sudha\com.ibm.banking.batch3\src\test\java\pages\loginTest.java
C:\Users\Student\eclipse-workspace\com.ibm.banking.batch3_Sudha\com.ibm.banking.batch3\src\test\java\xpathAsixExample\xpath_axis_example.java
C:\Users\Student\eclipse-workspace\com.ibm.banking.batch3_Sudha\com.ibm.banking.batch3\src\test\java\base\BaseTest.java
C:\Users\Student\eclipse-workspace\com.ibm.banking.batch3_Sudha\com.ibm.banking.batch3\src\test\java\controlExample\HandleDropdownExample.java
C:\Users\Student\eclipse-workspace\com.ibm.banking.batch3_Sudha\com.ibm.banking.batch3\src\test\java\exercise\AmazonTestCrossBrowser.java
C:\Users\Student\eclipse-workspace\com.ibm.banking.batch3_Sudha\com.ibm.banking.batch3\src\test\java\controlExample\BaseTest.java
C:\Users\Student\eclipse-workspace\com.ibm.banking.batch3_Sudha\com.ibm.banking.batch3\src\test\java\controlExample\HandleModel.java
C:\Users\Student\eclipse-workspace\com.ibm.banking.batch3_Sudha\com.ibm.banking.batch3\src\test\java\log4jConcept\log4jExample.java
C:\Users\Student\eclipse-workspace\com.ibm.banking.batch3_Sudha\com.ibm.banking.batch3\src\test\java\windoHandle\BaseTest.java
C:\Users\Student\eclipse-workspace\com.ibm.banking.batch3_Sudha\com.ibm.banking.batch3\src\test\java\crossBrowserTesting\HRMLogin.java
C:\Users\Student\eclipse-workspace\com.ibm.banking.batch3_Sudha\com.ibm.banking.batch3\src\test\java\crossBrowserTesting\AmazonTestCrossBrowser_WebDriverManager.java
C:\Users\Student\eclipse-workspace\com.ibm.banking.batch3_Sudha\com.ibm.banking.batch3\src\test\java\exercise\HandleCheckbox.java
C:\Users\Student\eclipse-workspace\com.ibm.banking.batch3_Sudha\com.ibm.banking.batch3\src\test\java\basicTest\HRMLogin_Exercise2.java
C:\Users\Student\eclipse-workspace\com.ibm.banking.batch3_Sudha\com.ibm.banking.batch3\src\test\java\pages\loginPage.java
C:\Users\Student\eclipse-workspace\com.ibm.banking.batch3_Sudha\com.ibm.banking.batch3\src\test\java\xpathAsixExample\xpath_axis_example_amazon.java
C:\Users\Student\eclipse-workspace\com.ibm.banking.batch3_Sudha\com.ibm.banking.batch3\src\test\java\xpathAsixExample\xpath_axis_example_following_preceding.java
C:\Users\Student\eclipse-workspace\com.ibm.banking.batch3_Sudha\com.ibm.banking.batch3\src\test\java\exercise\AmazonTestCrossBrowser_WebDriverManager.java
C:\Users\Student\eclipse-workspace\com.ibm.banking.batch3_Sudha\com.ibm.banking.batch3\src\test\java\handleFrame\exrcise.java
C:\Users\Student\eclipse-workspace\com.ibm.banking.batch3_Sudha\com.ibm.banking.batch3\src\test\java\handleFrame\frameHandle.java
C:\Users\Student\eclipse-workspace\com.ibm.banking.batch3_Sudha\com.ibm.banking.batch3\src\test\java\actionClass\RightClickDoubleClick.java
C:\Users\Student\eclipse-workspace\com.ibm.banking.batch3_Sudha\com.ibm.banking.batch3\src\test\java\basicTest\HRMLogin_Exercise02.java
C:\Users\Student\eclipse-workspace\com.ibm.banking.batch3_Sudha\com.ibm.banking.batch3\src\test\java\controlExample\HandleAlertExample.java
C:\Users\Student\eclipse-workspace\com.ibm.banking.batch3_Sudha\com.ibm.banking.batch3\src\test\java\timewaitExamples\timeWaitExamples.java
C:\Users\Student\eclipse-workspace\com.ibm.banking.batch3_Sudha\com.ibm.banking.batch3\src\test\java\handleFrame\BaseTest.java
C:\Users\Student\eclipse-workspace\com.ibm.banking.batch3_Sudha\com.ibm.banking.batch3\src\test\java\utility\ConfigRead.java
C:\Users\Student\eclipse-workspace\com.ibm.banking.batch3_Sudha\com.ibm.banking.batch3\src\test\java\pages\addCustomerRole.java
C:\Users\Student\eclipse-workspace\com.ibm.banking.batch3_Sudha\com.ibm.banking.batch3\src\test\java\exercise\AmazonTest2.java
C:\Users\Student\eclipse-workspace\com.ibm.banking.batch3_Sudha\com.ibm.banking.batch3\src\test\java\basicTest\HRMLogin_Exercise1.java
C:\Users\Student\eclipse-workspace\com.ibm.banking.batch3_Sudha\com.ibm.banking.batch3\src\test\java\xpathAsixExample\xpath_axis_example_descendant_ancestor_Parent_child.java
C:\Users\Student\eclipse-workspace\com.ibm.banking.batch3_Sudha\com.ibm.banking.batch3\src\test\java\datadrivenTest\dataDriven.java
C:\Users\Student\eclipse-workspace\com.ibm.banking.batch3_Sudha\com.ibm.banking.batch3\src\test\java\pages\customerRolesPages.java
C:\Users\Student\eclipse-workspace\com.ibm.banking.batch3_Sudha\com.ibm.banking.batch3\src\test\java\basicTest\HRMLogin.java
C:\Users\Student\eclipse-workspace\com.ibm.banking.batch3_Sudha\com.ibm.banking.batch3\src\test\java\log4jConcept\BaseTest.java
C:\Users\Student\eclipse-workspace\com.ibm.banking.batch3_Sudha\com.ibm.banking.batch3\src\test\java\windoHandle\hadleWindows.java
C:\Users\Student\eclipse-workspace\com.ibm.banking.batch3_Sudha\com.ibm.banking.batch3\src\test\java\datadrivenTest\BaseTest.java
C:\Users\Student\eclipse-workspace\com.ibm.banking.batch3_Sudha\com.ibm.banking.batch3\src\test\java\exercise\AmazonTest.java
C:\Users\Student\eclipse-workspace\com.ibm.banking.batch3_Sudha\com.ibm.banking.batch3\src\test\java\pages\baseTest.java
